Overriding config with config/train_shakespeare_char.py:
# train a miniature character-level shakespeare model
# good for debugging and playing on macbooks and such

out_dir = 'Hyperbolic-out-shakespeare-char'
eval_interval = 10 # keep frequent because we'll overfit
eval_iters = 20
log_interval = 1 # don't print too too often

# we expect to overfit on this small dataset, so only save when val improves
always_save_checkpoint = False

wandb_log = True # override via command line if you like
wandb_project = 'hyperbolic-shakespeare-char'
wandb_run_name = 'mini-gpt'

dataset = 'shakespeare_char'
gradient_accumulation_steps = 1
batch_size = 12
block_size = 256 # context of up to 256 previous characters
curvature = 1.0
# baby GPT model :)
n_layer = 6
n_head = 6
n_embd = 384
dropout = 0.0
use_muon = False
muon_lr = 1e-2
muon_momentum = 0.95
muon_nesterov = True
muon_ns_steps = 5
learning_rate = 1e-3 # with baby networks can afford to go a bit higher
max_iters = 5000
lr_decay_iters = 5000 # make equal to max_iters usually
min_lr = 1e-5 # learning_rate / 10 usually
beta2 = 0.99 # make a bit bigger because number of tokens per iter is small

warmup_iters = 100 # not super necessary potentially
map_back_after_attention = False
use_embedding_curvature = False
# on macbook also add
# device = 'cpu'  # run on cpu only
# compile = False # do not torch compile the model

Overriding: use_baseline_model = True
Overriding: use_muon = True
Overriding: device = cuda
Overriding: compile = False
Overriding: wandb_log = False
Overriding: learning_rate = 0.0001
Overriding: muon_lr = 0.0003
Overriding: muon_momentum = 0.95
Overriding: muon_nesterov = True
Overriding: muon_ns_steps = 5
Overriding: max_iters = 1500
Overriding: lr_decay_iters = 1500
Overriding: eval_interval = 100
Overriding: log_interval = 50
Overriding: always_save_checkpoint = True
Overriding: out_dir = runs/shakespeare_lr_sweep_muon_modal_20260320/baseline_lr_1e_4
Using baseline model from model_baseline.py
tokens per iteration will be: 3,072
Checkpoint directory: runs/shakespeare_lr_sweep_muon_modal_20260320/baseline_lr_1e_4
found vocab_size = 65 (inside data/shakespeare_char/meta.pkl)
Initializing a new model from scratch
Using vocab_size = 65 for new model initialization.
number of parameters: 10.65M
num parameters for AdamW: 15, with 128,256 parameters
num parameters for Muon: 24, with 10,616,832 parameters
using fused AdamW: True
step 0: train loss 4.2838, val loss 4.2822
iter 0: loss 4.2779, time 1072.78ms, mfu -100.00%
iter 50: loss 3.7558, time 25.15ms, mfu 2.78%
step 100: train loss 2.9512, val loss 3.0004
saving baseline model checkpoint to runs/shakespeare_lr_sweep_muon_modal_20260320/baseline_lr_1e_4
iter 100: loss 2.9375, time 334.01ms, mfu 2.52%
iter 150: loss 2.6267, time 23.12ms, mfu 2.57%
step 200: train loss 2.5165, val loss 2.5378
saving baseline model checkpoint to runs/shakespeare_lr_sweep_muon_modal_20260320/baseline_lr_1e_4
iter 200: loss 2.5008, time 323.48ms, mfu 2.34%
iter 250: loss 2.5043, time 25.20ms, mfu 2.38%
step 300: train loss 2.4693, val loss 2.5023
saving baseline model checkpoint to runs/shakespeare_lr_sweep_muon_modal_20260320/baseline_lr_1e_4
iter 300: loss 2.5012, time 427.83ms, mfu 2.16%
iter 350: loss 2.4285, time 23.40ms, mfu 2.24%
step 400: train loss 2.4401, val loss 2.4656
saving baseline model checkpoint to runs/shakespeare_lr_sweep_muon_modal_20260320/baseline_lr_1e_4
iter 400: loss 2.4160, time 298.08ms, mfu 2.04%
iter 450: loss 2.4176, time 23.99ms, mfu 2.13%
step 500: train loss 2.4069, val loss 2.4331
saving baseline model checkpoint to runs/shakespeare_lr_sweep_muon_modal_20260320/baseline_lr_1e_4
iter 500: loss 2.4107, time 320.22ms, mfu 1.94%
iter 550: loss 2.3938, time 24.95ms, mfu 2.02%
step 600: train loss 2.3608, val loss 2.3982
saving baseline model checkpoint to runs/shakespeare_lr_sweep_muon_modal_20260320/baseline_lr_1e_4
iter 600: loss 2.4159, time 321.00ms, mfu 1.84%
iter 650: loss 2.3338, time 23.99ms, mfu 1.95%
step 700: train loss 2.3341, val loss 2.3873
saving baseline model checkpoint to runs/shakespeare_lr_sweep_muon_modal_20260320/baseline_lr_1e_4
iter 700: loss 2.3148, time 331.56ms, mfu 1.78%
iter 750: loss 2.3526, time 25.87ms, mfu 1.87%
step 800: train loss 2.2959, val loss 2.3428
saving baseline model checkpoint to runs/shakespeare_lr_sweep_muon_modal_20260320/baseline_lr_1e_4
iter 800: loss 2.2733, time 320.13ms, mfu 1.70%
iter 850: loss 2.2849, time 27.08ms, mfu 1.79%
step 900: train loss 2.2726, val loss 2.3283
saving baseline model checkpoint to runs/shakespeare_lr_sweep_muon_modal_20260320/baseline_lr_1e_4
iter 900: loss 2.2451, time 286.45ms, mfu 1.64%
iter 950: loss 2.2663, time 31.59ms, mfu 1.69%
step 1000: train loss 2.2607, val loss 2.3151
saving baseline model checkpoint to runs/shakespeare_lr_sweep_muon_modal_20260320/baseline_lr_1e_4
iter 1000: loss 2.2956, time 320.41ms, mfu 1.55%
iter 1050: loss 2.2490, time 23.30ms, mfu 1.69%
step 1100: train loss 2.2336, val loss 2.2817
saving baseline model checkpoint to runs/shakespeare_lr_sweep_muon_modal_20260320/baseline_lr_1e_4
iter 1100: loss 2.2141, time 296.07ms, mfu 1.55%
iter 1150: loss 2.2570, time 26.71ms, mfu 1.65%
step 1200: train loss 2.2066, val loss 2.2669
saving baseline model checkpoint to runs/shakespeare_lr_sweep_muon_modal_20260320/baseline_lr_1e_4
iter 1200: loss 2.2255, time 311.19ms, mfu 1.51%
iter 1250: loss 2.2466, time 22.86ms, mfu 1.66%
step 1300: train loss 2.2140, val loss 2.2617
saving baseline model checkpoint to runs/shakespeare_lr_sweep_muon_modal_20260320/baseline_lr_1e_4
iter 1300: loss 2.2238, time 308.42ms, mfu 1.52%
iter 1350: loss 2.1940, time 24.01ms, mfu 1.66%
step 1400: train loss 2.1929, val loss 2.2487
saving baseline model checkpoint to runs/shakespeare_lr_sweep_muon_modal_20260320/baseline_lr_1e_4
iter 1400: loss 2.2036, time 343.52ms, mfu 1.51%
iter 1450: loss 2.2077, time 23.00ms, mfu 1.67%
step 1500: train loss 2.1932, val loss 2.2396
saving baseline model checkpoint to runs/shakespeare_lr_sweep_muon_modal_20260320/baseline_lr_1e_4
iter 1500: loss 2.1341, time 349.13ms, mfu 1.52%
