Overriding config with config/train_fineweb_small.py:
# config for training GPT-2 (124M) down to very nice loss of ~2.85 on 1 node of 8X A100 40GB
# launch as the following (e.g. in a screen session) and wait ~5 days:
# $ torchrun --standalone --nproc_per_node=8 train.py config/train_gpt2.py

wandb_log = True
wandb_project = 'fineweb_mixed_curvature'
wandb_run_name='small_fineweb'

# these make the total batch size be ~0.5M
# 12 batch size * 1024 block size * 5 gradaccum * 8 GPUs = 491,520
batch_size = 1
block_size = 512
gradient_accumulation_steps = 8
dataset = 'fineweb'

# this makes total number of tokens be 300B
max_iters = 60000
lr_decay_iters = 60000

# eval stuff
eval_interval = 100
eval_iters = 20
log_interval = 10

curvature = 1.0

n_layer = 6
n_head = 6
n_embd = 384
dropout = 0.0
use_muon = False
muon_lr = 1e-2
muon_momentum = 0.95
muon_nesterov = True
muon_ns_steps = 5
learning_rate = 1e-4
max_iters = 60000
lr_decay_iters = 60000
min_lr = 1e-5 
beta2 = 0.99 

warmup_iters = 100 # not super necessary potentially
use_embedding_curvature = False
use_baseline_model = False
dynamic_curvature = True
per_head_curvature = True
Overriding: use_baseline_model = True
Overriding: device = cuda
Overriding: compile = False
Overriding: wandb_log = False
Overriding: learning_rate = 0.001
Overriding: max_iters = 1500
Overriding: lr_decay_iters = 1500
Overriding: eval_interval = 50
Overriding: log_interval = 25
Overriding: always_save_checkpoint = True
Overriding: out_dir = runs/fineweb_high_lr_followup/baseline_lr_1e_3
Using baseline model from model_baseline.py
tokens per iteration will be: 4,096
Checkpoint directory: runs/fineweb_high_lr_followup/baseline_lr_1e_3
found vocab_size = 50257 (inside data/fineweb/meta.pkl)
Initializing a new model from scratch
Using vocab_size = 50257 for new model initialization.
number of parameters: 29.92M
num decayed parameter tensors: 26, with 30,112,128 parameters
num non-decayed parameter tensors: 13, with 4,992 parameters
using fused AdamW: True
step 0: train loss 10.8872, val loss 10.8809
iter 0: loss 10.8564, time 757.87ms, mfu -100.00%
iter 25: loss 9.4697, time 122.19ms, mfu 2.08%
step 50: train loss 7.5895, val loss 7.5537
saving baseline model checkpoint to runs/fineweb_high_lr_followup/baseline_lr_1e_3
iter 50: loss 7.0407, time 604.13ms, mfu 1.91%
iter 75: loss 7.5539, time 109.98ms, mfu 1.95%
step 100: train loss 7.1015, val loss 7.2567
saving baseline model checkpoint to runs/fineweb_high_lr_followup/baseline_lr_1e_3
iter 100: loss 7.4272, time 769.73ms, mfu 1.79%
iter 125: loss 7.5504, time 103.16ms, mfu 1.86%
step 150: train loss 6.8234, val loss 6.7299
saving baseline model checkpoint to runs/fineweb_high_lr_followup/baseline_lr_1e_3
iter 150: loss 6.1483, time 790.87ms, mfu 1.71%
iter 175: loss 7.4609, time 130.87ms, mfu 1.73%
step 200: train loss 6.7794, val loss 6.5834
saving baseline model checkpoint to runs/fineweb_high_lr_followup/baseline_lr_1e_3
iter 200: loss 7.5405, time 797.97ms, mfu 1.59%
iter 225: loss 6.7938, time 72.50ms, mfu 1.78%
step 250: train loss 6.9266, val loss 6.8832
saving baseline model checkpoint to runs/fineweb_high_lr_followup/baseline_lr_1e_3
iter 250: loss 7.0830, time 766.78ms, mfu 1.64%
iter 275: loss 5.8496, time 66.49ms, mfu 1.85%
step 300: train loss 6.4469, val loss 6.7660
saving baseline model checkpoint to runs/fineweb_high_lr_followup/baseline_lr_1e_3
iter 300: loss 6.5045, time 772.29ms, mfu 1.70%
iter 325: loss 7.3877, time 105.06ms, mfu 1.77%
step 350: train loss 6.7086, val loss 6.5269
saving baseline model checkpoint to runs/fineweb_high_lr_followup/baseline_lr_1e_3
iter 350: loss 6.9053, time 799.63ms, mfu 1.63%
iter 375: loss 6.3112, time 68.56ms, mfu 1.84%
step 400: train loss 6.3322, val loss 6.4245
saving baseline model checkpoint to runs/fineweb_high_lr_followup/baseline_lr_1e_3
iter 400: loss 6.4838, time 720.09ms, mfu 1.69%
iter 425: loss 6.5697, time 145.28ms, mfu 1.69%
step 450: train loss 6.4071, val loss 6.6559
saving baseline model checkpoint to runs/fineweb_high_lr_followup/baseline_lr_1e_3
iter 450: loss 6.0924, time 820.83ms, mfu 1.56%
iter 475: loss 6.3293, time 144.92ms, mfu 1.58%
step 500: train loss 6.6881, val loss 6.5795
saving baseline model checkpoint to runs/fineweb_high_lr_followup/baseline_lr_1e_3
iter 500: loss 6.0942, time 804.08ms, mfu 1.45%
iter 525: loss 6.5648, time 141.09ms, mfu 1.48%
step 550: train loss 6.4977, val loss 6.3346
saving baseline model checkpoint to runs/fineweb_high_lr_followup/baseline_lr_1e_3
iter 550: loss 6.3318, time 847.13ms, mfu 1.37%
iter 575: loss 7.6305, time 143.51ms, mfu 1.41%
step 600: train loss 6.4015, val loss 6.2123
saving baseline model checkpoint to runs/fineweb_high_lr_followup/baseline_lr_1e_3
iter 600: loss 6.3829, time 850.04ms, mfu 1.30%
iter 625: loss 6.4312, time 146.23ms, mfu 1.34%
step 650: train loss 6.3229, val loss 6.4413
saving baseline model checkpoint to runs/fineweb_high_lr_followup/baseline_lr_1e_3
iter 650: loss 7.5498, time 711.78ms, mfu 1.24%
iter 675: loss 7.3261, time 103.66ms, mfu 1.36%
step 700: train loss 6.2117, val loss 6.1911
saving baseline model checkpoint to runs/fineweb_high_lr_followup/baseline_lr_1e_3
iter 700: loss 5.8940, time 775.66ms, mfu 1.26%
iter 725: loss 5.9087, time 144.02ms, mfu 1.31%
step 750: train loss 6.0267, val loss 6.2812
saving baseline model checkpoint to runs/fineweb_high_lr_followup/baseline_lr_1e_3
iter 750: loss 5.9536, time 788.60ms, mfu 1.21%
iter 775: loss 5.8829, time 66.92ms, mfu 1.47%
step 800: train loss 6.1993, val loss 6.1633
saving baseline model checkpoint to runs/fineweb_high_lr_followup/baseline_lr_1e_3
iter 800: loss 5.9927, time 850.31ms, mfu 1.35%
iter 825: loss 6.3600, time 115.54ms, mfu 1.44%
step 850: train loss 6.2536, val loss 6.2519
saving baseline model checkpoint to runs/fineweb_high_lr_followup/baseline_lr_1e_3
iter 850: loss 6.6633, time 782.51ms, mfu 1.33%
iter 875: loss 6.7178, time 143.88ms, mfu 1.37%
step 900: train loss 6.3402, val loss 6.1695
saving baseline model checkpoint to runs/fineweb_high_lr_followup/baseline_lr_1e_3
iter 900: loss 5.5474, time 798.34ms, mfu 1.27%
iter 925: loss 5.9055, time 144.25ms, mfu 1.32%
step 950: train loss 6.0717, val loss 6.3410
saving baseline model checkpoint to runs/fineweb_high_lr_followup/baseline_lr_1e_3
iter 950: loss 5.7277, time 774.09ms, mfu 1.22%
iter 975: loss 5.9910, time 123.13ms, mfu 1.30%
step 1000: train loss 6.1133, val loss 6.1156
saving baseline model checkpoint to runs/fineweb_high_lr_followup/baseline_lr_1e_3
iter 1000: loss 5.6093, time 794.30ms, mfu 1.20%
iter 1025: loss 7.4819, time 141.38ms, mfu 1.26%
step 1050: train loss 6.1249, val loss 5.9244
saving baseline model checkpoint to runs/fineweb_high_lr_followup/baseline_lr_1e_3
iter 1050: loss 5.9898, time 795.96ms, mfu 1.17%
iter 1075: loss 5.6930, time 145.01ms, mfu 1.23%
step 1100: train loss 6.0995, val loss 6.0086
saving baseline model checkpoint to runs/fineweb_high_lr_followup/baseline_lr_1e_3
iter 1100: loss 5.5421, time 726.15ms, mfu 1.14%
iter 1125: loss 5.7292, time 86.95ms, mfu 1.32%
step 1150: train loss 5.8277, val loss 6.0022
saving baseline model checkpoint to runs/fineweb_high_lr_followup/baseline_lr_1e_3
iter 1150: loss 5.1855, time 758.41ms, mfu 1.22%
iter 1175: loss 5.9958, time 103.08ms, mfu 1.34%
step 1200: train loss 5.9235, val loss 5.9273
saving baseline model checkpoint to runs/fineweb_high_lr_followup/baseline_lr_1e_3
iter 1200: loss 6.1413, time 745.83ms, mfu 1.24%
iter 1225: loss 6.1227, time 123.67ms, mfu 1.33%
step 1250: train loss 5.9366, val loss 6.1146
saving baseline model checkpoint to runs/fineweb_high_lr_followup/baseline_lr_1e_3
iter 1250: loss 6.4644, time 852.74ms, mfu 1.22%
iter 1275: loss 5.9642, time 123.23ms, mfu 1.31%
step 1300: train loss 5.9757, val loss 6.0207
saving baseline model checkpoint to runs/fineweb_high_lr_followup/baseline_lr_1e_3
iter 1300: loss 5.8050, time 785.24ms, mfu 1.21%
iter 1325: loss 6.3652, time 118.43ms, mfu 1.30%
step 1350: train loss 5.9058, val loss 6.0610
saving baseline model checkpoint to runs/fineweb_high_lr_followup/baseline_lr_1e_3
iter 1350: loss 6.0657, time 847.34ms, mfu 1.20%
iter 1375: loss 5.9429, time 68.01ms, mfu 1.46%
step 1400: train loss 5.9559, val loss 6.1555
saving baseline model checkpoint to runs/fineweb_high_lr_followup/baseline_lr_1e_3
iter 1400: loss 6.0416, time 720.65ms, mfu 1.35%
iter 1425: loss 6.3073, time 145.87ms, mfu 1.39%
step 1450: train loss 6.0765, val loss 5.8717
saving baseline model checkpoint to runs/fineweb_high_lr_followup/baseline_lr_1e_3
iter 1450: loss 5.9567, time 752.45ms, mfu 1.28%
iter 1475: loss 5.5325, time 143.80ms, mfu 1.33%
step 1500: train loss 5.7896, val loss 6.0872
saving baseline model checkpoint to runs/fineweb_high_lr_followup/baseline_lr_1e_3
iter 1500: loss 6.3878, time 789.49ms, mfu 1.23%
