Overriding config with config/train_shakespeare_char.py:
# train a miniature character-level shakespeare model
# good for debugging and playing on macbooks and such

out_dir = 'Hyperbolic-out-shakespeare-char'
eval_interval = 10 # keep frequent because we'll overfit
eval_iters = 20
log_interval = 1 # don't print too too often

# we expect to overfit on this small dataset, so only save when val improves
always_save_checkpoint = False

wandb_log = True # override via command line if you like
wandb_project = 'hyperbolic-shakespeare-char'
wandb_run_name = 'mini-gpt'

dataset = 'shakespeare_char'
gradient_accumulation_steps = 1
batch_size = 12
block_size = 256 # context of up to 256 previous characters
curvature = 1.0
# baby GPT model :)
n_layer = 6
n_head = 6
n_embd = 384
dropout = 0.0
use_muon = False
muon_lr = 1e-2
muon_momentum = 0.95
muon_nesterov = True
muon_ns_steps = 5
learning_rate = 1e-3 # with baby networks can afford to go a bit higher
max_iters = 5000
lr_decay_iters = 5000 # make equal to max_iters usually
min_lr = 1e-5 # learning_rate / 10 usually
beta2 = 0.99 # make a bit bigger because number of tokens per iter is small

warmup_iters = 100 # not super necessary potentially
map_back_after_attention = False
use_embedding_curvature = False
# on macbook also add
# device = 'cpu'  # run on cpu only
# compile = False # do not torch compile the model

Overriding: use_baseline_model = False
Overriding: use_muon = True
Overriding: device = cuda
Overriding: compile = False
Overriding: wandb_log = False
Overriding: learning_rate = 0.0005
Overriding: muon_lr = 0.0015
Overriding: muon_momentum = 0.95
Overriding: muon_nesterov = True
Overriding: muon_ns_steps = 5
Overriding: max_iters = 1500
Overriding: lr_decay_iters = 1500
Overriding: eval_interval = 100
Overriding: log_interval = 50
Overriding: always_save_checkpoint = True
Overriding: out_dir = runs/shakespeare_lr_sweep_muon_modal_20260320/hyperbolic_lr_5e_4
Using standard model from model.py
tokens per iteration will be: 3,072
Checkpoint directory: runs/shakespeare_lr_sweep_muon_modal_20260320/hyperbolic_lr_5e_4
found vocab_size = 65 (inside data/shakespeare_char/meta.pkl)
Initializing a new model from scratch
Using vocab_size = 65 for new model initialization.
number of parameters: 10.66M
num parameters for AdamW: 27, with 128,328 parameters
num parameters for Muon: 30, with 10,630,656 parameters
using fused AdamW: True
step 0: train loss 4.6517, val loss 4.6416
iter 0: loss 4.6756, time 1875.76ms, mfu -100.00%
iter 50: loss 3.6215, time 92.58ms, mfu 0.76%
step 100: train loss 2.9409, val loss 2.9425
saving hyperbolic model checkpoint to runs/shakespeare_lr_sweep_muon_modal_20260320/hyperbolic_lr_5e_4
iter 100: loss 2.9035, time 1156.31ms, mfu 0.69%
iter 150: loss 2.5036, time 144.90ms, mfu 0.67%
step 200: train loss 2.2882, val loss 2.3186
saving hyperbolic model checkpoint to runs/shakespeare_lr_sweep_muon_modal_20260320/hyperbolic_lr_5e_4
iter 200: loss 2.2296, time 1151.73ms, mfu 0.61%
iter 250: loss 2.1930, time 95.87ms, mfu 0.62%
step 300: train loss nan, val loss nan
saving hyperbolic model checkpoint to runs/shakespeare_lr_sweep_muon_modal_20260320/hyperbolic_lr_5e_4
iter 300: loss nan, time 1147.95ms, mfu 0.56%
iter 350: loss nan, time 98.00ms, mfu 0.58%
step 400: train loss nan, val loss nan
saving hyperbolic model checkpoint to runs/shakespeare_lr_sweep_muon_modal_20260320/hyperbolic_lr_5e_4
iter 400: loss nan, time 1290.79ms, mfu 0.52%
iter 450: loss nan, time 94.09ms, mfu 0.55%
step 500: train loss nan, val loss nan
saving hyperbolic model checkpoint to runs/shakespeare_lr_sweep_muon_modal_20260320/hyperbolic_lr_5e_4
iter 500: loss nan, time 1200.56ms, mfu 0.50%
iter 550: loss nan, time 93.22ms, mfu 0.52%
step 600: train loss nan, val loss nan
saving hyperbolic model checkpoint to runs/shakespeare_lr_sweep_muon_modal_20260320/hyperbolic_lr_5e_4
iter 600: loss nan, time 1120.96ms, mfu 0.48%
iter 650: loss nan, time 94.59ms, mfu 0.50%
step 700: train loss nan, val loss nan
saving hyperbolic model checkpoint to runs/shakespeare_lr_sweep_muon_modal_20260320/hyperbolic_lr_5e_4
iter 700: loss nan, time 1170.33ms, mfu 0.46%
iter 750: loss nan, time 108.56ms, mfu 0.48%
step 800: train loss nan, val loss nan
saving hyperbolic model checkpoint to runs/shakespeare_lr_sweep_muon_modal_20260320/hyperbolic_lr_5e_4
iter 800: loss nan, time 1369.05ms, mfu 0.43%
iter 850: loss nan, time 107.64ms, mfu 0.46%
step 900: train loss nan, val loss nan
saving hyperbolic model checkpoint to runs/shakespeare_lr_sweep_muon_modal_20260320/hyperbolic_lr_5e_4
iter 900: loss nan, time 1178.63ms, mfu 0.42%
iter 950: loss nan, time 95.13ms, mfu 0.45%
step 1000: train loss nan, val loss nan
saving hyperbolic model checkpoint to runs/shakespeare_lr_sweep_muon_modal_20260320/hyperbolic_lr_5e_4
iter 1000: loss nan, time 1121.67ms, mfu 0.41%
iter 1050: loss nan, time 93.85ms, mfu 0.44%
step 1100: train loss nan, val loss nan
saving hyperbolic model checkpoint to runs/shakespeare_lr_sweep_muon_modal_20260320/hyperbolic_lr_5e_4
iter 1100: loss nan, time 1177.32ms, mfu 0.41%
iter 1150: loss nan, time 97.45ms, mfu 0.44%
step 1200: train loss nan, val loss nan
saving hyperbolic model checkpoint to runs/shakespeare_lr_sweep_muon_modal_20260320/hyperbolic_lr_5e_4
iter 1200: loss nan, time 1152.53ms, mfu 0.40%
iter 1250: loss nan, time 92.26ms, mfu 0.43%
step 1300: train loss nan, val loss nan
saving hyperbolic model checkpoint to runs/shakespeare_lr_sweep_muon_modal_20260320/hyperbolic_lr_5e_4
iter 1300: loss nan, time 1173.08ms, mfu 0.40%
iter 1350: loss nan, time 100.93ms, mfu 0.43%
step 1400: train loss nan, val loss nan
saving hyperbolic model checkpoint to runs/shakespeare_lr_sweep_muon_modal_20260320/hyperbolic_lr_5e_4
iter 1400: loss nan, time 1123.22ms, mfu 0.39%
iter 1450: loss nan, time 99.78ms, mfu 0.42%
step 1500: train loss nan, val loss nan
saving hyperbolic model checkpoint to runs/shakespeare_lr_sweep_muon_modal_20260320/hyperbolic_lr_5e_4
iter 1500: loss nan, time 1108.87ms, mfu 0.39%
