Overriding config with config/train_fineweb_small.py:
# config for training GPT-2 (124M) down to very nice loss of ~2.85 on 1 node of 8X A100 40GB
# launch as the following (e.g. in a screen session) and wait ~5 days:
# $ torchrun --standalone --nproc_per_node=8 train.py config/train_gpt2.py

wandb_log = True
wandb_project = 'fineweb_mixed_curvature'
wandb_run_name='small_fineweb'

# these make the total batch size be ~0.5M
# 12 batch size * 1024 block size * 5 gradaccum * 8 GPUs = 491,520
batch_size = 1
block_size = 512
gradient_accumulation_steps = 8
dataset = 'fineweb'

# this makes total number of tokens be 300B
max_iters = 60000
lr_decay_iters = 60000

# eval stuff
eval_interval = 100
eval_iters = 20
log_interval = 10

curvature = 1.0

n_layer = 6
n_head = 6
n_embd = 384
dropout = 0.0
use_muon = False
muon_lr = 1e-2
muon_momentum = 0.95
muon_nesterov = True
muon_ns_steps = 5
learning_rate = 1e-4
max_iters = 60000
lr_decay_iters = 60000
min_lr = 1e-5 
beta2 = 0.99 

warmup_iters = 100 # not super necessary potentially
use_embedding_curvature = False
use_baseline_model = False
dynamic_curvature = True
per_head_curvature = True
Overriding: use_baseline_model = True
Overriding: device = cuda
Overriding: compile = False
Overriding: wandb_log = False
Overriding: learning_rate = 0.0008
Overriding: max_iters = 1500
Overriding: lr_decay_iters = 1500
Overriding: eval_interval = 50
Overriding: log_interval = 25
Overriding: always_save_checkpoint = True
Overriding: out_dir = runs/fineweb_high_lr_followup/baseline_lr_8e_4
Using baseline model from model_baseline.py
tokens per iteration will be: 4,096
Checkpoint directory: runs/fineweb_high_lr_followup/baseline_lr_8e_4
found vocab_size = 50257 (inside data/fineweb/meta.pkl)
Initializing a new model from scratch
Using vocab_size = 50257 for new model initialization.
number of parameters: 29.92M
num decayed parameter tensors: 26, with 30,112,128 parameters
num non-decayed parameter tensors: 13, with 4,992 parameters
using fused AdamW: True
step 0: train loss 10.8872, val loss 10.8809
iter 0: loss 10.8564, time 743.41ms, mfu -100.00%
iter 25: loss 9.6506, time 73.31ms, mfu 3.47%
step 50: train loss 7.6698, val loss 7.6443
saving baseline model checkpoint to runs/fineweb_high_lr_followup/baseline_lr_8e_4
iter 50: loss 7.1936, time 556.85ms, mfu 3.17%
iter 75: loss 7.5415, time 101.72ms, mfu 3.10%
step 100: train loss 7.1320, val loss 7.2901
saving baseline model checkpoint to runs/fineweb_high_lr_followup/baseline_lr_8e_4
iter 100: loss 7.4277, time 847.36ms, mfu 2.82%
iter 125: loss 7.6027, time 125.14ms, mfu 2.74%
step 150: train loss 6.8517, val loss 6.7504
saving baseline model checkpoint to runs/fineweb_high_lr_followup/baseline_lr_8e_4
iter 150: loss 6.1825, time 798.97ms, mfu 2.50%
iter 175: loss 7.4600, time 145.21ms, mfu 2.42%
step 200: train loss 6.7796, val loss 6.5937
saving baseline model checkpoint to runs/fineweb_high_lr_followup/baseline_lr_8e_4
iter 200: loss 7.5197, time 862.71ms, mfu 2.21%
iter 225: loss 6.8161, time 128.56ms, mfu 2.19%
step 250: train loss 6.9280, val loss 6.8951
saving baseline model checkpoint to runs/fineweb_high_lr_followup/baseline_lr_8e_4
iter 250: loss 7.0643, time 790.09ms, mfu 2.00%
iter 275: loss 5.8928, time 151.24ms, mfu 1.97%
step 300: train loss 6.4587, val loss 6.7731
saving baseline model checkpoint to runs/fineweb_high_lr_followup/baseline_lr_8e_4
iter 300: loss 6.5250, time 784.48ms, mfu 1.80%
iter 325: loss 7.3903, time 142.12ms, mfu 1.80%
step 350: train loss 6.7030, val loss 6.5234
saving baseline model checkpoint to runs/fineweb_high_lr_followup/baseline_lr_8e_4
iter 350: loss 6.8681, time 741.04ms, mfu 1.66%
iter 375: loss 6.3816, time 123.32ms, mfu 1.70%
step 400: train loss 6.3448, val loss 6.4303
saving baseline model checkpoint to runs/fineweb_high_lr_followup/baseline_lr_8e_4
iter 400: loss 6.4766, time 865.09ms, mfu 1.56%
iter 425: loss 6.5307, time 145.58ms, mfu 1.58%
step 450: train loss 6.4166, val loss 6.6617
saving baseline model checkpoint to runs/fineweb_high_lr_followup/baseline_lr_8e_4
iter 450: loss 6.1133, time 772.74ms, mfu 1.45%
iter 475: loss 6.3487, time 108.70ms, mfu 1.54%
step 500: train loss 6.6955, val loss 6.5748
saving baseline model checkpoint to runs/fineweb_high_lr_followup/baseline_lr_8e_4
iter 500: loss 6.1047, time 863.45ms, mfu 1.42%
iter 525: loss 6.5309, time 68.20ms, mfu 1.65%
step 550: train loss 6.5001, val loss 6.3333
saving baseline model checkpoint to runs/fineweb_high_lr_followup/baseline_lr_8e_4
iter 550: loss 6.3625, time 766.62ms, mfu 1.52%
iter 575: loss 7.6071, time 145.48ms, mfu 1.54%
step 600: train loss 6.4163, val loss 6.2177
saving baseline model checkpoint to runs/fineweb_high_lr_followup/baseline_lr_8e_4
iter 600: loss 6.3933, time 756.45ms, mfu 1.42%
iter 625: loss 6.4438, time 150.77ms, mfu 1.45%
step 650: train loss 6.3335, val loss 6.4512
saving baseline model checkpoint to runs/fineweb_high_lr_followup/baseline_lr_8e_4
iter 650: loss 7.5780, time 773.35ms, mfu 1.33%
iter 675: loss 7.3065, time 145.03ms, mfu 1.38%
step 700: train loss 6.2300, val loss 6.2104
saving baseline model checkpoint to runs/fineweb_high_lr_followup/baseline_lr_8e_4
iter 700: loss 5.8921, time 795.00ms, mfu 1.27%
iter 725: loss 5.9255, time 144.32ms, mfu 1.32%
step 750: train loss 6.0411, val loss 6.3301
saving baseline model checkpoint to runs/fineweb_high_lr_followup/baseline_lr_8e_4
iter 750: loss 5.9433, time 779.46ms, mfu 1.22%
iter 775: loss 5.8846, time 144.57ms, mfu 1.27%
step 800: train loss 6.2302, val loss 6.1879
saving baseline model checkpoint to runs/fineweb_high_lr_followup/baseline_lr_8e_4
iter 800: loss 5.9802, time 793.64ms, mfu 1.18%
iter 825: loss 6.3702, time 124.58ms, mfu 1.26%
step 850: train loss 6.2753, val loss 6.2682
saving baseline model checkpoint to runs/fineweb_high_lr_followup/baseline_lr_8e_4
iter 850: loss 6.6633, time 752.01ms, mfu 1.17%
iter 875: loss 6.7007, time 145.86ms, mfu 1.23%
step 900: train loss 6.3580, val loss 6.1931
saving baseline model checkpoint to runs/fineweb_high_lr_followup/baseline_lr_8e_4
iter 900: loss 5.6042, time 796.55ms, mfu 1.14%
iter 925: loss 5.9169, time 115.18ms, mfu 1.25%
step 950: train loss 6.1311, val loss 6.3668
saving baseline model checkpoint to runs/fineweb_high_lr_followup/baseline_lr_8e_4
iter 950: loss 5.7593, time 728.48ms, mfu 1.16%
iter 975: loss 6.0215, time 105.82ms, mfu 1.28%
step 1000: train loss 6.1306, val loss 6.1313
saving baseline model checkpoint to runs/fineweb_high_lr_followup/baseline_lr_8e_4
iter 1000: loss 5.6243, time 779.83ms, mfu 1.18%
iter 1025: loss 7.4755, time 146.17ms, mfu 1.24%
step 1050: train loss 6.1469, val loss 5.9654
saving baseline model checkpoint to runs/fineweb_high_lr_followup/baseline_lr_8e_4
iter 1050: loss 6.0029, time 786.84ms, mfu 1.15%
iter 1075: loss 5.7076, time 145.36ms, mfu 1.21%
step 1100: train loss 6.1258, val loss 6.0313
saving baseline model checkpoint to runs/fineweb_high_lr_followup/baseline_lr_8e_4
iter 1100: loss 5.5461, time 855.51ms, mfu 1.12%
iter 1125: loss 5.7871, time 143.24ms, mfu 1.18%
step 1150: train loss 5.8502, val loss 6.0367
saving baseline model checkpoint to runs/fineweb_high_lr_followup/baseline_lr_8e_4
iter 1150: loss 5.1926, time 931.26ms, mfu 1.09%
iter 1175: loss 6.0540, time 142.52ms, mfu 1.16%
step 1200: train loss 5.9543, val loss 5.9613
saving baseline model checkpoint to runs/fineweb_high_lr_followup/baseline_lr_8e_4
iter 1200: loss 6.1830, time 773.98ms, mfu 1.08%
iter 1225: loss 6.1582, time 144.05ms, mfu 1.15%
step 1250: train loss 5.9696, val loss 6.1615
saving baseline model checkpoint to runs/fineweb_high_lr_followup/baseline_lr_8e_4
iter 1250: loss 6.4911, time 831.59ms, mfu 1.06%
iter 1275: loss 6.0216, time 105.27ms, mfu 1.20%
step 1300: train loss 6.0141, val loss 6.0584
saving baseline model checkpoint to runs/fineweb_high_lr_followup/baseline_lr_8e_4
iter 1300: loss 5.8951, time 777.89ms, mfu 1.11%
iter 1325: loss 6.4419, time 104.42ms, mfu 1.24%
step 1350: train loss 5.9362, val loss 6.0990
saving baseline model checkpoint to runs/fineweb_high_lr_followup/baseline_lr_8e_4
iter 1350: loss 6.1169, time 775.42ms, mfu 1.15%
iter 1375: loss 5.9733, time 105.57ms, mfu 1.28%
step 1400: train loss 5.9938, val loss 6.2071
saving baseline model checkpoint to runs/fineweb_high_lr_followup/baseline_lr_8e_4
iter 1400: loss 6.0918, time 754.36ms, mfu 1.18%
iter 1425: loss 6.3307, time 151.07ms, mfu 1.23%
step 1450: train loss 6.1164, val loss 5.9086
saving baseline model checkpoint to runs/fineweb_high_lr_followup/baseline_lr_8e_4
iter 1450: loss 5.9583, time 783.28ms, mfu 1.14%
iter 1475: loss 5.5688, time 124.28ms, mfu 1.23%
step 1500: train loss 5.8236, val loss 6.1229
saving baseline model checkpoint to runs/fineweb_high_lr_followup/baseline_lr_8e_4
iter 1500: loss 6.4244, time 772.82ms, mfu 1.14%
