Overriding config with config/train_shakespeare_char.py:
# train a miniature character-level shakespeare model
# good for debugging and playing on macbooks and such

out_dir = 'Hyperbolic-out-shakespeare-char'
eval_interval = 10 # keep frequent because we'll overfit
eval_iters = 20
log_interval = 1 # don't print too too often

# we expect to overfit on this small dataset, so only save when val improves
always_save_checkpoint = False

wandb_log = True # override via command line if you like
wandb_project = 'hyperbolic-shakespeare-char'
wandb_run_name = 'mini-gpt'

dataset = 'shakespeare_char'
gradient_accumulation_steps = 1
batch_size = 12
block_size = 256 # context of up to 256 previous characters
curvature = 1.0
# baby GPT model :)
n_layer = 6
n_head = 6
n_embd = 384
dropout = 0.0
use_muon = False
muon_lr = 1e-2
muon_momentum = 0.95
muon_nesterov = True
muon_ns_steps = 5
learning_rate = 1e-3 # with baby networks can afford to go a bit higher
max_iters = 5000
lr_decay_iters = 5000 # make equal to max_iters usually
min_lr = 1e-5 # learning_rate / 10 usually
beta2 = 0.99 # make a bit bigger because number of tokens per iter is small

warmup_iters = 100 # not super necessary potentially
map_back_after_attention = False
use_embedding_curvature = False
# on macbook also add
# device = 'cpu'  # run on cpu only
# compile = False # do not torch compile the model

Overriding: use_baseline_model = False
Overriding: use_muon = True
Overriding: device = cuda
Overriding: compile = False
Overriding: wandb_log = False
Overriding: learning_rate = 0.0002
Overriding: muon_lr = 0.0006
Overriding: muon_momentum = 0.95
Overriding: muon_nesterov = True
Overriding: muon_ns_steps = 5
Overriding: max_iters = 1500
Overriding: lr_decay_iters = 1500
Overriding: eval_interval = 100
Overriding: log_interval = 50
Overriding: always_save_checkpoint = True
Overriding: out_dir = runs/shakespeare_lr_sweep_muon_modal_20260320/hyperbolic_lr_2e_4
Using standard model from model.py
tokens per iteration will be: 3,072
Checkpoint directory: runs/shakespeare_lr_sweep_muon_modal_20260320/hyperbolic_lr_2e_4
found vocab_size = 65 (inside data/shakespeare_char/meta.pkl)
Initializing a new model from scratch
Using vocab_size = 65 for new model initialization.
number of parameters: 10.66M
num parameters for AdamW: 27, with 128,328 parameters
num parameters for Muon: 30, with 10,630,656 parameters
using fused AdamW: True
step 0: train loss 4.6517, val loss 4.6416
iter 0: loss 4.6756, time 1890.07ms, mfu -100.00%
iter 50: loss 4.1639, time 93.41ms, mfu 0.75%
step 100: train loss 3.3194, val loss 3.3265
saving hyperbolic model checkpoint to runs/shakespeare_lr_sweep_muon_modal_20260320/hyperbolic_lr_2e_4
iter 100: loss 3.2694, time 1053.78ms, mfu 0.68%
iter 150: loss 3.0106, time 90.92ms, mfu 0.69%
step 200: train loss 2.7752, val loss 2.7876
saving hyperbolic model checkpoint to runs/shakespeare_lr_sweep_muon_modal_20260320/hyperbolic_lr_2e_4
iter 200: loss 2.7532, time 1118.04ms, mfu 0.63%
iter 250: loss 2.6055, time 92.20ms, mfu 0.64%
step 300: train loss 2.4612, val loss 2.4752
saving hyperbolic model checkpoint to runs/shakespeare_lr_sweep_muon_modal_20260320/hyperbolic_lr_2e_4
iter 300: loss 2.4801, time 1124.58ms, mfu 0.58%
iter 350: loss 2.3368, time 107.06ms, mfu 0.59%
step 400: train loss 2.2846, val loss 2.2966
saving hyperbolic model checkpoint to runs/shakespeare_lr_sweep_muon_modal_20260320/hyperbolic_lr_2e_4
iter 400: loss 2.2247, time 1163.33ms, mfu 0.54%
iter 450: loss 2.2359, time 100.70ms, mfu 0.55%
step 500: train loss 2.1760, val loss 2.2079
saving hyperbolic model checkpoint to runs/shakespeare_lr_sweep_muon_modal_20260320/hyperbolic_lr_2e_4
iter 500: loss 2.2229, time 1174.75ms, mfu 0.50%
iter 550: loss nan, time 92.33ms, mfu 0.53%
step 600: train loss nan, val loss nan
saving hyperbolic model checkpoint to runs/shakespeare_lr_sweep_muon_modal_20260320/hyperbolic_lr_2e_4
iter 600: loss nan, time 1369.80ms, mfu 0.48%
iter 650: loss nan, time 91.13ms, mfu 0.51%
step 700: train loss nan, val loss nan
saving hyperbolic model checkpoint to runs/shakespeare_lr_sweep_muon_modal_20260320/hyperbolic_lr_2e_4
iter 700: loss nan, time 1110.96ms, mfu 0.46%
iter 750: loss nan, time 96.51ms, mfu 0.49%
step 800: train loss nan, val loss nan
saving hyperbolic model checkpoint to runs/shakespeare_lr_sweep_muon_modal_20260320/hyperbolic_lr_2e_4
iter 800: loss nan, time 1159.44ms, mfu 0.45%
iter 850: loss nan, time 90.89ms, mfu 0.48%
step 900: train loss nan, val loss nan
saving hyperbolic model checkpoint to runs/shakespeare_lr_sweep_muon_modal_20260320/hyperbolic_lr_2e_4
iter 900: loss nan, time 1144.40ms, mfu 0.44%
iter 950: loss nan, time 91.88ms, mfu 0.47%
step 1000: train loss nan, val loss nan
saving hyperbolic model checkpoint to runs/shakespeare_lr_sweep_muon_modal_20260320/hyperbolic_lr_2e_4
iter 1000: loss nan, time 1086.27ms, mfu 0.43%
iter 1050: loss nan, time 90.76ms, mfu 0.46%
step 1100: train loss nan, val loss nan
saving hyperbolic model checkpoint to runs/shakespeare_lr_sweep_muon_modal_20260320/hyperbolic_lr_2e_4
iter 1100: loss nan, time 1136.21ms, mfu 0.42%
iter 1150: loss nan, time 102.23ms, mfu 0.45%
step 1200: train loss nan, val loss nan
saving hyperbolic model checkpoint to runs/shakespeare_lr_sweep_muon_modal_20260320/hyperbolic_lr_2e_4
iter 1200: loss nan, time 1172.11ms, mfu 0.41%
iter 1250: loss nan, time 99.16ms, mfu 0.44%
step 1300: train loss nan, val loss nan
saving hyperbolic model checkpoint to runs/shakespeare_lr_sweep_muon_modal_20260320/hyperbolic_lr_2e_4
iter 1300: loss nan, time 1136.47ms, mfu 0.40%
iter 1350: loss nan, time 91.95ms, mfu 0.44%
step 1400: train loss nan, val loss nan
saving hyperbolic model checkpoint to runs/shakespeare_lr_sweep_muon_modal_20260320/hyperbolic_lr_2e_4
iter 1400: loss nan, time 1148.85ms, mfu 0.40%
iter 1450: loss nan, time 118.97ms, mfu 0.42%
step 1500: train loss nan, val loss nan
saving hyperbolic model checkpoint to runs/shakespeare_lr_sweep_muon_modal_20260320/hyperbolic_lr_2e_4
iter 1500: loss nan, time 1082.69ms, mfu 0.38%
