Overriding config with config/train_fineweb_small.py:
# config for training GPT-2 (124M) down to very nice loss of ~2.85 on 1 node of 8X A100 40GB
# launch as the following (e.g. in a screen session) and wait ~5 days:
# $ torchrun --standalone --nproc_per_node=8 train.py config/train_gpt2.py

wandb_log = True
wandb_project = 'fineweb_mixed_curvature'
wandb_run_name='small_fineweb'

# these make the total batch size be ~0.5M
# 12 batch size * 1024 block size * 5 gradaccum * 8 GPUs = 491,520
batch_size = 1
block_size = 512
gradient_accumulation_steps = 8
dataset = 'fineweb'

# this makes total number of tokens be 300B
max_iters = 60000
lr_decay_iters = 60000

# eval stuff
eval_interval = 100
eval_iters = 20
log_interval = 10

curvature = 1.0

n_layer = 6
n_head = 6
n_embd = 384
dropout = 0.0
use_muon = False
muon_lr = 1e-2
muon_momentum = 0.95
muon_nesterov = True
muon_ns_steps = 5
learning_rate = 1e-4
max_iters = 60000
lr_decay_iters = 60000
min_lr = 1e-5 
beta2 = 0.99 

warmup_iters = 100 # not super necessary potentially
use_embedding_curvature = False
use_baseline_model = False
dynamic_curvature = True
per_head_curvature = True
Overriding: use_baseline_model = True
Overriding: device = cuda
Overriding: compile = False
Overriding: wandb_log = False
Overriding: learning_rate = 0.0007
Overriding: max_iters = 1500
Overriding: lr_decay_iters = 1500
Overriding: eval_interval = 50
Overriding: log_interval = 25
Overriding: always_save_checkpoint = True
Overriding: out_dir = runs/fineweb_high_lr_followup/baseline_lr_7e_4
Using baseline model from model_baseline.py
tokens per iteration will be: 4,096
Checkpoint directory: runs/fineweb_high_lr_followup/baseline_lr_7e_4
found vocab_size = 50257 (inside data/fineweb/meta.pkl)
Initializing a new model from scratch
Using vocab_size = 50257 for new model initialization.
number of parameters: 29.92M
num decayed parameter tensors: 26, with 30,112,128 parameters
num non-decayed parameter tensors: 13, with 4,992 parameters
using fused AdamW: True
step 0: train loss 10.8872, val loss 10.8809
iter 0: loss 10.8564, time 759.36ms, mfu -100.00%
iter 25: loss 9.7407, time 73.50ms, mfu 3.46%
step 50: train loss 7.7777, val loss 7.7578
saving baseline model checkpoint to runs/fineweb_high_lr_followup/baseline_lr_7e_4
iter 50: loss 7.3339, time 607.33ms, mfu 3.16%
iter 75: loss 7.5800, time 86.34ms, mfu 3.13%
step 100: train loss 7.1584, val loss 7.3147
saving baseline model checkpoint to runs/fineweb_high_lr_followup/baseline_lr_7e_4
iter 100: loss 7.4526, time 846.55ms, mfu 2.85%
iter 125: loss 7.5613, time 69.76ms, mfu 2.93%
step 150: train loss 6.8488, val loss 6.7488
saving baseline model checkpoint to runs/fineweb_high_lr_followup/baseline_lr_7e_4
iter 150: loss 6.2009, time 780.92ms, mfu 2.67%
iter 175: loss 7.4359, time 105.42ms, mfu 2.64%
step 200: train loss 6.7796, val loss 6.5932
saving baseline model checkpoint to runs/fineweb_high_lr_followup/baseline_lr_7e_4
iter 200: loss 7.5414, time 854.64ms, mfu 2.41%
iter 225: loss 6.8029, time 123.46ms, mfu 2.37%
step 250: train loss 6.9287, val loss 6.8955
saving baseline model checkpoint to runs/fineweb_high_lr_followup/baseline_lr_7e_4
iter 250: loss 7.0540, time 788.74ms, mfu 2.17%
iter 275: loss 5.8731, time 141.02ms, mfu 2.13%
step 300: train loss 6.4654, val loss 6.7863
saving baseline model checkpoint to runs/fineweb_high_lr_followup/baseline_lr_7e_4
iter 300: loss 6.5214, time 788.44ms, mfu 1.95%
iter 325: loss 7.3853, time 143.80ms, mfu 1.93%
step 350: train loss 6.7128, val loss 6.5251
saving baseline model checkpoint to runs/fineweb_high_lr_followup/baseline_lr_7e_4
iter 350: loss 6.9033, time 834.24ms, mfu 1.77%
iter 375: loss 6.3987, time 67.11ms, mfu 1.97%
step 400: train loss 6.3511, val loss 6.4366
saving baseline model checkpoint to runs/fineweb_high_lr_followup/baseline_lr_7e_4
iter 400: loss 6.4771, time 856.34ms, mfu 1.80%
iter 425: loss 6.5175, time 144.49ms, mfu 1.80%
step 450: train loss 6.4259, val loss 6.6713
saving baseline model checkpoint to runs/fineweb_high_lr_followup/baseline_lr_7e_4
iter 450: loss 6.1281, time 792.19ms, mfu 1.65%
iter 475: loss 6.3710, time 143.84ms, mfu 1.66%
step 500: train loss 6.7036, val loss 6.5795
saving baseline model checkpoint to runs/fineweb_high_lr_followup/baseline_lr_7e_4
iter 500: loss 6.0912, time 863.45ms, mfu 1.53%
iter 525: loss 6.5310, time 144.09ms, mfu 1.55%
step 550: train loss 6.5055, val loss 6.3468
saving baseline model checkpoint to runs/fineweb_high_lr_followup/baseline_lr_7e_4
iter 550: loss 6.3721, time 881.59ms, mfu 1.42%
iter 575: loss 7.6054, time 93.21ms, mfu 1.55%
step 600: train loss 6.4192, val loss 6.2262
saving baseline model checkpoint to runs/fineweb_high_lr_followup/baseline_lr_7e_4
iter 600: loss 6.4392, time 778.30ms, mfu 1.43%
iter 625: loss 6.4401, time 74.83ms, mfu 1.63%
step 650: train loss 6.3415, val loss 6.4577
saving baseline model checkpoint to runs/fineweb_high_lr_followup/baseline_lr_7e_4
iter 650: loss 7.5707, time 864.75ms, mfu 1.50%
iter 675: loss 7.3510, time 123.43ms, mfu 1.55%
step 700: train loss 6.2414, val loss 6.2224
saving baseline model checkpoint to runs/fineweb_high_lr_followup/baseline_lr_7e_4
iter 700: loss 5.9077, time 794.72ms, mfu 1.43%
iter 725: loss 5.9090, time 143.83ms, mfu 1.46%
step 750: train loss 6.0537, val loss 6.3374
saving baseline model checkpoint to runs/fineweb_high_lr_followup/baseline_lr_7e_4
iter 750: loss 5.9972, time 793.43ms, mfu 1.35%
iter 775: loss 5.8810, time 144.93ms, mfu 1.39%
step 800: train loss 6.2428, val loss 6.2007
saving baseline model checkpoint to runs/fineweb_high_lr_followup/baseline_lr_7e_4
iter 800: loss 5.9974, time 836.12ms, mfu 1.28%
iter 825: loss 6.3743, time 143.74ms, mfu 1.33%
step 850: train loss 6.2902, val loss 6.2837
saving baseline model checkpoint to runs/fineweb_high_lr_followup/baseline_lr_7e_4
iter 850: loss 6.7207, time 780.69ms, mfu 1.23%
iter 875: loss 6.7748, time 143.98ms, mfu 1.28%
step 900: train loss 6.3845, val loss 6.2060
saving baseline model checkpoint to runs/fineweb_high_lr_followup/baseline_lr_7e_4
iter 900: loss 5.6092, time 793.74ms, mfu 1.19%
iter 925: loss 5.9215, time 144.80ms, mfu 1.24%
step 950: train loss 6.1554, val loss 6.3917
saving baseline model checkpoint to runs/fineweb_high_lr_followup/baseline_lr_7e_4
iter 950: loss 5.8012, time 796.60ms, mfu 1.15%
iter 975: loss 6.0603, time 143.54ms, mfu 1.21%
step 1000: train loss 6.1513, val loss 6.1567
saving baseline model checkpoint to runs/fineweb_high_lr_followup/baseline_lr_7e_4
iter 1000: loss 5.6440, time 870.62ms, mfu 1.12%
iter 1025: loss 7.4795, time 123.20ms, mfu 1.22%
step 1050: train loss 6.1752, val loss 5.9921
saving baseline model checkpoint to runs/fineweb_high_lr_followup/baseline_lr_7e_4
iter 1050: loss 6.0337, time 843.20ms, mfu 1.12%
iter 1075: loss 5.7198, time 123.89ms, mfu 1.22%
step 1100: train loss 6.1562, val loss 6.0618
saving baseline model checkpoint to runs/fineweb_high_lr_followup/baseline_lr_7e_4
iter 1100: loss 5.5931, time 785.56ms, mfu 1.13%
iter 1125: loss 5.7938, time 104.43ms, mfu 1.26%
step 1150: train loss 5.8827, val loss 6.0673
saving baseline model checkpoint to runs/fineweb_high_lr_followup/baseline_lr_7e_4
iter 1150: loss 5.2269, time 792.93ms, mfu 1.16%
iter 1175: loss 6.0892, time 144.13ms, mfu 1.22%
step 1200: train loss 5.9850, val loss 5.9893
saving baseline model checkpoint to runs/fineweb_high_lr_followup/baseline_lr_7e_4
iter 1200: loss 6.2246, time 793.29ms, mfu 1.13%
iter 1225: loss 6.1917, time 143.91ms, mfu 1.20%
step 1250: train loss 6.0019, val loss 6.1915
saving baseline model checkpoint to runs/fineweb_high_lr_followup/baseline_lr_7e_4
iter 1250: loss 6.5004, time 793.04ms, mfu 1.11%
iter 1275: loss 6.0527, time 103.37ms, mfu 1.24%
step 1300: train loss 6.0505, val loss 6.0896
saving baseline model checkpoint to runs/fineweb_high_lr_followup/baseline_lr_7e_4
iter 1300: loss 5.9476, time 793.72ms, mfu 1.15%
iter 1325: loss 6.4640, time 144.08ms, mfu 1.21%
step 1350: train loss 5.9664, val loss 6.1255
saving baseline model checkpoint to runs/fineweb_high_lr_followup/baseline_lr_7e_4
iter 1350: loss 6.1647, time 858.74ms, mfu 1.12%
iter 1375: loss 6.0023, time 106.23ms, mfu 1.25%
step 1400: train loss 6.0305, val loss 6.2423
saving baseline model checkpoint to runs/fineweb_high_lr_followup/baseline_lr_7e_4
iter 1400: loss 6.1524, time 773.70ms, mfu 1.16%
iter 1425: loss 6.3400, time 67.05ms, mfu 1.42%
step 1450: train loss 6.1472, val loss 5.9432
saving baseline model checkpoint to runs/fineweb_high_lr_followup/baseline_lr_7e_4
iter 1450: loss 5.9941, time 785.63ms, mfu 1.31%
iter 1475: loss 5.5948, time 141.53ms, mfu 1.36%
step 1500: train loss 5.8526, val loss 6.1561
saving baseline model checkpoint to runs/fineweb_high_lr_followup/baseline_lr_7e_4
iter 1500: loss 6.4700, time 793.06ms, mfu 1.26%
