Overriding config with config/train_fineweb_small.py:
# config for training GPT-2 (124M) down to very nice loss of ~2.85 on 1 node of 8X A100 40GB
# launch as the following (e.g. in a screen session) and wait ~5 days:
# $ torchrun --standalone --nproc_per_node=8 train.py config/train_gpt2.py

wandb_log = True
wandb_project = 'fineweb_mixed_curvature'
wandb_run_name='small_fineweb'

# these make the total batch size be ~0.5M
# 12 batch size * 1024 block size * 5 gradaccum * 8 GPUs = 491,520
batch_size = 1
block_size = 512
gradient_accumulation_steps = 8
dataset = 'fineweb'

# this makes total number of tokens be 300B
max_iters = 60000
lr_decay_iters = 60000

# eval stuff
eval_interval = 100
eval_iters = 20
log_interval = 10

curvature = 1.0

n_layer = 6
n_head = 6
n_embd = 384
dropout = 0.0
use_muon = False
muon_lr = 1e-2
muon_momentum = 0.95
muon_nesterov = True
muon_ns_steps = 5
learning_rate = 1e-4
max_iters = 60000
lr_decay_iters = 60000
min_lr = 1e-5 
beta2 = 0.99 

warmup_iters = 100 # not super necessary potentially
use_embedding_curvature = False
use_baseline_model = False
dynamic_curvature = True
per_head_curvature = True
Overriding: use_baseline_model = True
Overriding: device = cuda
Overriding: compile = False
Overriding: wandb_log = False
Overriding: learning_rate = 0.0006
Overriding: max_iters = 1500
Overriding: lr_decay_iters = 1500
Overriding: eval_interval = 50
Overriding: log_interval = 25
Overriding: always_save_checkpoint = True
Overriding: out_dir = runs/fineweb_high_lr_followup/baseline_lr_6e_4
Using baseline model from model_baseline.py
tokens per iteration will be: 4,096
Checkpoint directory: runs/fineweb_high_lr_followup/baseline_lr_6e_4
found vocab_size = 50257 (inside data/fineweb/meta.pkl)
Initializing a new model from scratch
Using vocab_size = 50257 for new model initialization.
number of parameters: 29.92M
num decayed parameter tensors: 26, with 30,112,128 parameters
num non-decayed parameter tensors: 13, with 4,992 parameters
using fused AdamW: True
step 0: train loss 10.8872, val loss 10.8809
iter 0: loss 10.8564, time 784.09ms, mfu -100.00%
iter 25: loss 9.8265, time 127.20ms, mfu 2.00%
step 50: train loss 7.9481, val loss 7.9344
saving baseline model checkpoint to runs/fineweb_high_lr_followup/baseline_lr_6e_4
iter 50: loss 7.5435, time 603.81ms, mfu 1.84%
iter 75: loss 7.6083, time 148.17ms, mfu 1.83%
step 100: train loss 7.1925, val loss 7.3561
saving baseline model checkpoint to runs/fineweb_high_lr_followup/baseline_lr_6e_4
iter 100: loss 7.4796, time 795.91ms, mfu 1.68%
iter 125: loss 7.6134, time 102.47ms, mfu 1.76%
step 150: train loss 6.8783, val loss 6.7780
saving baseline model checkpoint to runs/fineweb_high_lr_followup/baseline_lr_6e_4
iter 150: loss 6.2280, time 775.20ms, mfu 1.62%
iter 175: loss 7.4414, time 122.53ms, mfu 1.66%
step 200: train loss 6.8014, val loss 6.6177
saving baseline model checkpoint to runs/fineweb_high_lr_followup/baseline_lr_6e_4
iter 200: loss 7.5605, time 794.25ms, mfu 1.53%
iter 225: loss 6.8182, time 123.13ms, mfu 1.58%
step 250: train loss 6.9493, val loss 6.9201
saving baseline model checkpoint to runs/fineweb_high_lr_followup/baseline_lr_6e_4
iter 250: loss 7.0818, time 843.22ms, mfu 1.45%
iter 275: loss 5.9266, time 108.53ms, mfu 1.54%
step 300: train loss 6.4878, val loss 6.8027
saving baseline model checkpoint to runs/fineweb_high_lr_followup/baseline_lr_6e_4
iter 300: loss 6.5406, time 792.99ms, mfu 1.42%
iter 325: loss 7.3904, time 125.92ms, mfu 1.48%
step 350: train loss 6.7299, val loss 6.5368
saving baseline model checkpoint to runs/fineweb_high_lr_followup/baseline_lr_6e_4
iter 350: loss 6.8925, time 801.31ms, mfu 1.36%
iter 375: loss 6.3795, time 149.09ms, mfu 1.40%
step 400: train loss 6.3635, val loss 6.4545
saving baseline model checkpoint to runs/fineweb_high_lr_followup/baseline_lr_6e_4
iter 400: loss 6.4913, time 793.70ms, mfu 1.29%
iter 425: loss 6.5622, time 126.07ms, mfu 1.36%
step 450: train loss 6.4444, val loss 6.6894
saving baseline model checkpoint to runs/fineweb_high_lr_followup/baseline_lr_6e_4
iter 450: loss 6.1388, time 847.11ms, mfu 1.26%
iter 475: loss 6.4019, time 106.52ms, mfu 1.37%
step 500: train loss 6.7345, val loss 6.5973
saving baseline model checkpoint to runs/fineweb_high_lr_followup/baseline_lr_6e_4
iter 500: loss 6.1225, time 788.46ms, mfu 1.26%
iter 525: loss 6.5546, time 102.34ms, mfu 1.39%
step 550: train loss 6.5264, val loss 6.3612
saving baseline model checkpoint to runs/fineweb_high_lr_followup/baseline_lr_6e_4
iter 550: loss 6.4026, time 841.35ms, mfu 1.28%
iter 575: loss 7.6186, time 103.92ms, mfu 1.40%
step 600: train loss 6.4384, val loss 6.2470
saving baseline model checkpoint to runs/fineweb_high_lr_followup/baseline_lr_6e_4
iter 600: loss 6.4515, time 826.68ms, mfu 1.29%
iter 625: loss 6.4822, time 122.31ms, mfu 1.37%
step 650: train loss 6.3619, val loss 6.4768
saving baseline model checkpoint to runs/fineweb_high_lr_followup/baseline_lr_6e_4
iter 650: loss 7.5726, time 793.94ms, mfu 1.26%
iter 675: loss 7.3700, time 140.71ms, mfu 1.32%
step 700: train loss 6.2639, val loss 6.2430
saving baseline model checkpoint to runs/fineweb_high_lr_followup/baseline_lr_6e_4
iter 700: loss 5.8889, time 724.50ms, mfu 1.22%
iter 725: loss 5.9154, time 66.31ms, mfu 1.48%
step 750: train loss 6.0750, val loss 6.3678
saving baseline model checkpoint to runs/fineweb_high_lr_followup/baseline_lr_6e_4
iter 750: loss 6.0198, time 761.02ms, mfu 1.37%
iter 775: loss 5.9039, time 123.27ms, mfu 1.44%
step 800: train loss 6.2638, val loss 6.2239
saving baseline model checkpoint to runs/fineweb_high_lr_followup/baseline_lr_6e_4
iter 800: loss 6.0209, time 782.15ms, mfu 1.32%
iter 825: loss 6.3880, time 122.61ms, mfu 1.40%
step 850: train loss 6.3209, val loss 6.3118
saving baseline model checkpoint to runs/fineweb_high_lr_followup/baseline_lr_6e_4
iter 850: loss 6.7464, time 786.47ms, mfu 1.29%
iter 875: loss 6.8087, time 142.86ms, mfu 1.34%
step 900: train loss 6.4081, val loss 6.2324
saving baseline model checkpoint to runs/fineweb_high_lr_followup/baseline_lr_6e_4
iter 900: loss 5.6449, time 790.01ms, mfu 1.24%
iter 925: loss 5.9575, time 143.82ms, mfu 1.29%
step 950: train loss 6.1883, val loss 6.4116
saving baseline model checkpoint to runs/fineweb_high_lr_followup/baseline_lr_6e_4
iter 950: loss 5.8267, time 819.92ms, mfu 1.19%
iter 975: loss 6.0890, time 142.80ms, mfu 1.25%
step 1000: train loss 6.1735, val loss 6.1810
saving baseline model checkpoint to runs/fineweb_high_lr_followup/baseline_lr_6e_4
iter 1000: loss 5.6652, time 845.23ms, mfu 1.16%
iter 1025: loss 7.4829, time 141.48ms, mfu 1.22%
step 1050: train loss 6.2054, val loss 6.0293
saving baseline model checkpoint to runs/fineweb_high_lr_followup/baseline_lr_6e_4
iter 1050: loss 6.0759, time 787.83ms, mfu 1.13%
iter 1075: loss 5.7551, time 142.61ms, mfu 1.20%
step 1100: train loss 6.1845, val loss 6.0955
saving baseline model checkpoint to runs/fineweb_high_lr_followup/baseline_lr_6e_4
iter 1100: loss 5.6229, time 847.05ms, mfu 1.11%
iter 1125: loss 5.8363, time 123.49ms, mfu 1.20%
step 1150: train loss 5.9144, val loss 6.1036
saving baseline model checkpoint to runs/fineweb_high_lr_followup/baseline_lr_6e_4
iter 1150: loss 5.2438, time 790.26ms, mfu 1.11%
iter 1175: loss 6.1123, time 143.20ms, mfu 1.18%
step 1200: train loss 6.0124, val loss 6.0238
saving baseline model checkpoint to runs/fineweb_high_lr_followup/baseline_lr_6e_4
iter 1200: loss 6.2638, time 874.38ms, mfu 1.09%
iter 1225: loss 6.2212, time 122.60ms, mfu 1.19%
step 1250: train loss 6.0417, val loss 6.2310
saving baseline model checkpoint to runs/fineweb_high_lr_followup/baseline_lr_6e_4
iter 1250: loss 6.5176, time 840.00ms, mfu 1.10%
iter 1275: loss 6.0816, time 67.53ms, mfu 1.37%
step 1300: train loss 6.0828, val loss 6.1270
saving baseline model checkpoint to runs/fineweb_high_lr_followup/baseline_lr_6e_4
iter 1300: loss 6.0051, time 797.19ms, mfu 1.26%
iter 1325: loss 6.5174, time 85.25ms, mfu 1.43%
step 1350: train loss 5.9994, val loss 6.1608
saving baseline model checkpoint to runs/fineweb_high_lr_followup/baseline_lr_6e_4
iter 1350: loss 6.2245, time 747.88ms, mfu 1.33%
iter 1375: loss 6.0269, time 123.40ms, mfu 1.40%
step 1400: train loss 6.0671, val loss 6.2885
saving baseline model checkpoint to runs/fineweb_high_lr_followup/baseline_lr_6e_4
iter 1400: loss 6.1792, time 839.75ms, mfu 1.29%
iter 1425: loss 6.3965, time 143.06ms, mfu 1.34%
step 1450: train loss 6.1820, val loss 5.9828
saving baseline model checkpoint to runs/fineweb_high_lr_followup/baseline_lr_6e_4
iter 1450: loss 6.0256, time 754.31ms, mfu 1.24%
iter 1475: loss 5.6192, time 142.93ms, mfu 1.29%
step 1500: train loss 5.8888, val loss 6.1948
saving baseline model checkpoint to runs/fineweb_high_lr_followup/baseline_lr_6e_4
iter 1500: loss 6.5167, time 777.56ms, mfu 1.20%
